[passionate-emails-109921.framer.app/index.html]
[backblue.gif]
[fade.gif]
[index.html]
[framerusercontent.com/images/2D07d9xTm1xVS2o18DpSHDlr20.png]
[passionate-emails-109921.framer.app/projects/pixel-pathway.html]
[passionate-emails-109921.framer.app/[object Object].2.delayed]
[framerusercontent.com/images/MkkkBPjnjBiJYQ7Y8vHigj6I.jpg]
[passionate-emails-109921.framer.app/projects/flowstate.html]
[framerusercontent.com/images/GuAok0jBiNWN6PM8hPvuqQPBuo.jpg]
[passionate-emails-109921.framer.app/projects/flowstate-copy.html]
[framerusercontent.com/images/Afj2AxNgFo0T3qEzIdyZfjnj7o.jpg]
[passionate-emails-109921.framer.app/projects/ux-horizon.html]
[framerusercontent.com/images/P7UnQ0qsmt55kr2jUL4oO09iis.jpg]
[passionate-emails-109921.framer.app/projects/clearview.html]
[framerusercontent.com/images/zc10Xs9y91cgxBaaVzcHecmn2uQ.jpg]
[passionate-emails-109921.framer.app/projects/momentum.html]
[framerusercontent.com/images/PkBSut5mtqh56AvL2Vs4uYt3M.jpg]
[passionate-emails-109921.framer.app/projects/frameworks.html]
[framerusercontent.com/images/hHC1wBOeEKOvLAdwRlmyUCNVYtw.jpg]
[framerusercontent.com/images/Rku5HaouKwoyKStQckB2ixSX0c42b1a.png]
[framerusercontent.com/images/pduMSkL486rnVj88RxuGDUTdg6ddb.png]
[framerusercontent.com/images/NnxWZUme6ddu2WUcKaB3BVo7hw6ddb.png]
[framerusercontent.com/images/YARO8InVyb2eQtVUIq08yzdzVC06ddb.png]
[framerusercontent.com/images/OC0fhmyydqIRlmRYbHvyu4obOLM6ddb.png]
[framerusercontent.com/images/jS90hiVPvwKI1R3JUPOR14Reh7s7ee5.png]
[framerusercontent.com/images/Z1XnDo3wuWHdaQzUrraDIT2oMM6ddb.png]
[framerusercontent.com/images/Vdxc0sGkEoaVmlv1udoaeQ1PmVA6ddb.png]
[framerusercontent.com/images/0TCZPM6obIaH924RoDKurnY5nMk1ebb.png]
[passionate-emails-109921.framer.app/index.html]
[passionate-emails-109921.framer.app/projects/[object Object].19.delayed]
[framerusercontent.com/images/DZH4wzvuolWHZqLfvHiwaeqYc79b.jpg]
[passionate-emails-109921.framer.app/projects/pixel-pathway.html]
[passionate-emails-109921.framer.app/[object Object].html]
[ga.jspm.io/npm_es-module-shims@1.6.3/dist/es-module-shims.js]
[framerusercontent.com/modules/o9dx3fbEFmNXOtA9oBfW/JERPS9awM9GXqnra86xX/jis6Fq7Qu.js]
[framerusercontent.com/modules/ru6ORPindoT52jqAqyH0/1dy7iTVFQyhYhhiLvFJu/pv0ic8WMv.js]
[framerusercontent.com/modules/o58zGCKrqbja6F9ZijfO/nKz8oI8r95ULbtYWNwRc/MxJZBsM6i.js]
[framerusercontent.com/modules/hJ5orsT6rLqcuxowB8YW/L4QtFH1KmjSlogG8S2J1/xE9gejbs7.js]
[framerusercontent.com/modules/7gtqghIckXoZDKH9rKMv/dmjPli606mRXPjml2Vyz/snippets.js]
[passionate-emails-109921.framer.app/projects/flowstate.html]
[passionate-emails-109921.framer.app/projects/flowstate-copy.html]
[passionate-emails-109921.framer.app/projects/ux-horizon.html]
[passionate-emails-109921.framer.app/projects/clearview.html]
[passionate-emails-109921.framer.app/projects/momentum.html]
[passionate-emails-109921.framer.app/projects/frameworks.html]
[passionate-emails-109921.framer.app/projects/[object Object].html]
